// Jest Snapshot v1, https://goo.gl/fbAQLP

exports[`accumulate array should throw correctly if no callback is given 1`] = `"Not a function"`;

exports[`accumulate array should work as expected for empty arrays 1`] = `"accumulate of empty array with no initial value"`;

exports[`accumulate array-like objects should throw correctly if no callback is given 1`] = `"Not a function"`;

exports[`accumulate array-like objects should work as expected for empty arrays 1`] = `"accumulate of empty array with no initial value"`;

exports[`accumulate should throw when array is null or undefined 1`] = `"Cannot call method on null or undefined"`;

exports[`accumulate should throw when array is null or undefined 2`] = `"Cannot call method on null or undefined"`;

exports[`accumulate should throw when array is null or undefined 3`] = `"Cannot call method on null or undefined"`;
