// Jest Snapshot v1, https://goo.gl/fbAQLP

exports[`assertIsFunction should throw with custom message 1`] = `"Custom message"`;

exports[`assertIsFunction should throw with default message 1`] = `"Not a function"`;

exports[`assertIsFunction should throw with default message 2`] = `"Not a function"`;

exports[`assertIsFunction should throw with default message 3`] = `"Not a function"`;

exports[`assertIsFunction should throw with default message 4`] = `"Not a function"`;

exports[`assertIsFunction should throw with default message 5`] = `"Not a function"`;

exports[`assertIsFunction should throw with default message 6`] = `"Not a function"`;

exports[`assertIsFunction should throw with default message 7`] = `"Not a function"`;

exports[`assertIsFunction should throw with default message 8`] = `"Not a function"`;

exports[`assertIsFunction should throw with default message 9`] = `"Not a function"`;

exports[`assertIsFunction should throw with default message 10`] = `"Not a function"`;

exports[`assertIsFunction should throw with default message 11`] = `"Not a function"`;

exports[`assertIsFunction should throw with default message 12`] = `"Not a function"`;

exports[`assertIsFunction should throw with default message 13`] = `"Not a function"`;

exports[`assertIsFunction should throw with default message 14`] = `"Not a function"`;

exports[`assertIsFunction should throw with default message 15`] = `"Not a function"`;

exports[`assertIsFunction should throw with default message 16`] = `"Not a function"`;

exports[`assertIsFunction should throw with default message 17`] = `"Not a function"`;

exports[`assertIsFunction should throw with default message 18`] = `"Not a function"`;

exports[`assertIsFunction should throw with default message 19`] = `"Not a function"`;

exports[`assertIsFunction should throw with default message 20`] = `"Not a function"`;

exports[`assertIsFunction should throw with default message 21`] = `"Not a function"`;

exports[`assertIsFunction should throw with default message 22`] = `"Not a function"`;

exports[`assertIsFunction should throw with default message 23`] = `"Not a function"`;

exports[`assertIsFunction should throw with default message 24`] = `"Not a function"`;

exports[`assertIsFunction should throw with default message 25`] = `"Not a function"`;

exports[`assertIsFunction should throw with default message 26`] = `"Not a function"`;

exports[`assertIsFunction should throw with default message 27`] = `"Not a function"`;

exports[`assertIsFunction should throw with default message 28`] = `"Not a function"`;

exports[`assertIsFunction should throw with default message 29`] = `"Not a function"`;

exports[`assertIsFunction should throw with default message 30`] = `"Not a function"`;

exports[`assertIsFunction should throw with default message 31`] = `"Not a function"`;

exports[`assertIsFunction should throw with default message 32`] = `"Not a function"`;

exports[`assertIsFunction should throw with default message 33`] = `"Not a function"`;

exports[`assertIsFunction should throw with default message 34`] = `"Not a function"`;

exports[`assertIsFunction should throw with default message 35`] = `"Not a function"`;

exports[`assertIsFunction should throw with default message 36`] = `"Not a function"`;

exports[`assertIsFunction should throw with default message 37`] = `"Not a function"`;

exports[`assertIsFunction should throw with default message 38`] = `"Not a function"`;

exports[`assertIsFunction should throw with default message 39`] = `"Not a function"`;

exports[`assertIsFunction should throw with default message 40`] = `"Not a function"`;

exports[`assertIsFunction should throw with default message 41`] = `"Not a function"`;

exports[`assertIsFunction should throw with default message 42`] = `"Not a function"`;

exports[`assertIsFunction should throw with default message 43`] = `"Not a function"`;

exports[`assertIsFunction should throw with default message 44`] = `"Not a function"`;
