// Jest Snapshot v1, https://goo.gl/fbAQLP

exports[`call throws for non-functions 1`] = `"Not a function"`;

exports[`call throws for non-functions 2`] = `"Not a function"`;

exports[`call throws for non-functions 3`] = `"Not a function"`;

exports[`call throws for non-functions 4`] = `"Not a function"`;

exports[`call throws for non-functions 5`] = `"Not a function"`;

exports[`call throws for non-functions 6`] = `"Not a function"`;

exports[`call throws for non-functions 7`] = `"Not a function"`;

exports[`call throws for non-functions 8`] = `"Not a function"`;

exports[`call throws for non-functions 9`] = `"Not a function"`;

exports[`call throws for non-functions 10`] = `"Not a function"`;

exports[`call throws for non-functions 11`] = `"Not a function"`;

exports[`call throws for non-functions 12`] = `"Not a function"`;

exports[`call throws for non-functions 13`] = `"Not a function"`;

exports[`call throws for non-functions 14`] = `"Not a function"`;

exports[`call throws for non-functions 15`] = `"Not a function"`;

exports[`call throws for non-functions 16`] = `"Not a function"`;

exports[`call throws for non-functions 17`] = `"Not a function"`;

exports[`call throws for non-functions 18`] = `"Not a function"`;

exports[`call throws for non-functions 19`] = `"Not a function"`;

exports[`call throws for non-functions 20`] = `"Not a function"`;

exports[`call throws for non-functions 21`] = `"Not a function"`;

exports[`call throws for non-functions 22`] = `"Not a function"`;

exports[`call throws for non-functions 23`] = `"Not a function"`;

exports[`call throws for non-functions 24`] = `"Not a function"`;

exports[`call throws for non-functions 25`] = `"Not a function"`;

exports[`call throws for non-functions 26`] = `"Not a function"`;

exports[`call throws for non-functions 27`] = `"Not a function"`;

exports[`call throws for non-functions 28`] = `"Not a function"`;

exports[`call throws for non-functions 29`] = `"Not a function"`;

exports[`call throws for non-functions 30`] = `"Not a function"`;

exports[`call throws for non-functions 31`] = `"Not a function"`;

exports[`call throws for non-functions 32`] = `"Not a function"`;

exports[`call throws for non-functions 33`] = `"Not a function"`;

exports[`call throws for non-functions 34`] = `"Not a function"`;

exports[`call throws for non-functions 35`] = `"Not a function"`;

exports[`call throws for non-functions 36`] = `"Not a function"`;

exports[`call throws for non-functions 37`] = `"Not a function"`;

exports[`call throws for non-functions 38`] = `"Not a function"`;

exports[`call throws for non-functions 39`] = `"Not a function"`;

exports[`call throws for non-functions 40`] = `"Not a function"`;

exports[`call throws for non-functions 41`] = `"Not a function"`;

exports[`call throws for non-functions 42`] = `"Not a function"`;

exports[`call throws for non-functions 43`] = `"Not a function"`;

exports[`call throws for non-functions 44`] = `"Not a function"`;

exports[`call throws for non-functions 45`] = `"Not a function"`;

exports[`call throws for non-functions 46`] = `"Not a function"`;

exports[`call throws for non-functions 47`] = `"Not a function"`;

exports[`call throws for non-functions 48`] = `"Not a function"`;

exports[`call throws for non-functions 49`] = `"Not a function"`;

exports[`call throws for non-functions 50`] = `"Not a function"`;

exports[`call throws for non-functions 51`] = `"Not a function"`;

exports[`call throws for non-functions 52`] = `"Not a function"`;

exports[`call throws for non-functions 53`] = `"Not a function"`;

exports[`call throws for non-functions 54`] = `"Not a function"`;
