// Jest Snapshot v1, https://goo.gl/fbAQLP

exports[`callFunctionOrIdentity functions with non-arrayLike args argument 1`] = `"CreateListFromArrayLike called on non-object"`;

exports[`callFunctionOrIdentity functions with non-arrayLike args argument and context 1`] = `"CreateListFromArrayLike called on non-object"`;
