// Jest Snapshot v1, https://goo.gl/fbAQLP

exports[`Collections Map size throws TypeError when accessed directly 1`] = `"MapObject is not defined"`;

exports[`Collections Map size throws TypeError when accessed directly 2`] = `"MapObject is not defined"`;

exports[`Collections Map size throws TypeError when called on wrong type 1`] = `"MapObject is not defined"`;

exports[`Collections Set size throws TypeError when accessed directly 1`] = `"SetObject is not defined"`;

exports[`Collections Set size throws TypeError when accessed directly 2`] = `"SetObject is not defined"`;

exports[`Collections Set size throws TypeError when called on wrong type 1`] = `"SetObject is not defined"`;
