// Jest Snapshot v1, https://goo.gl/fbAQLP

exports[`negate should throw when array is null or undefined 1`] = `"Not a function"`;

exports[`negate should throw when array is null or undefined 2`] = `"Not a function"`;

exports[`negate should throw when array is null or undefined 3`] = `"Not a function"`;
