// Jest Snapshot v1, https://goo.gl/fbAQLP

exports[`reduce Array should throw correctly if no callback is given 1`] = `"undefined is not a function"`;

exports[`reduce Array should work as expected for empty arrays 1`] = `"Reduce of empty array with no initial value"`;

exports[`reduce Array-like objects should throw correctly if no callback is given 1`] = `"undefined is not a function"`;

exports[`reduce Array-like objects should work as expected for empty arrays 1`] = `"Reduce of empty array with no initial value"`;

exports[`reduce should throw when callback is not a function 1`] = `"undefined is not a function"`;

exports[`reduce should throw when callback is not a function 2`] = `"undefined is not a function"`;

exports[`reduce should throw when callback is not a function 3`] = `"undefined is not a function"`;
