// Jest Snapshot v1, https://goo.gl/fbAQLP

exports[`Basic tests should throw for Object.create(null) 1`] = `"Cannot convert object to primitive value"`;

exports[`Basic tests should throw for Symbol 1`] = `"Cannot convert a Symbol value to a string"`;

exports[`Basic tests should throw for Symbol 2`] = `"Cannot convert a Symbol value to a string"`;
